# zh-Latn-French
["zh-Latn-French", "zh-Latn-Numeric Pinyin", "zh-Latn-GuoinII"]
["zh-Latn-French", "zh-Latn-Numeric Pinyin", "zh-Latn-Gwoyeu Romatzyh"]
["zh-Latn-French", "zh-Latn-Numeric Pinyin", "zh-Latn-x-Pinyin"]
["zh-Latn-French", "zh-Latn-Numeric Pinyin", "zh-Latn-Tongyong"]
["zh-Latn-French", "zh-Latn-Numeric Pinyin", "zh-Latn-Wade-Giles"]
["zh-Latn-French", "zh-Latn-Numeric Pinyin", "zh-Latn-Yale"]
["zh-Latn-French", "zh-Latn-Numeric Pinyin", "zh-Bopo"]

# zh-Latn-GuoinII
["zh-Latn-GuoinII", "zh-Latn-Numeric Pinyin", "zh-Latn-French"]
["zh-Latn-GuoinII", "zh-Latn-Numeric Pinyin", "zh-Latn-Gwoyeu Romatzyh"]
["zh-Latn-GuoinII", "zh-Latn-Numeric Pinyin", "zh-Latn-x-Pinyin"]
["zh-Latn-GuoinII", "zh-Latn-Numeric Pinyin", "zh-Latn-Tongyong"]
["zh-Latn-GuoinII", "zh-Latn-Numeric Pinyin", "zh-Latn-Wade-Giles"]
["zh-Latn-GuoinII", "zh-Latn-Numeric Pinyin", "zh-Latn-Yale"]
["zh-Latn-GuoinII", "zh-Latn-Numeric Pinyin", "zh-Bopo"]

# zh-Latn-Gwoyeu Romatzyh
["zh-Latn-Gwoyeu Romatzyh", "zh-Latn-Numeric Pinyin", "zh-Latn-French"]
["zh-Latn-Gwoyeu Romatzyh", "zh-Latn-Numeric Pinyin", "zh-Latn-GuoinII"]
["zh-Latn-Gwoyeu Romatzyh", "zh-Latn-Numeric Pinyin", "zh-Latn-x-Pinyin"]
["zh-Latn-Gwoyeu Romatzyh", "zh-Latn-Numeric Pinyin", "zh-Latn-Tongyong"]
["zh-Latn-Gwoyeu Romatzyh", "zh-Latn-Numeric Pinyin", "zh-Latn-Wade-Giles"]
["zh-Latn-Gwoyeu Romatzyh", "zh-Latn-Numeric Pinyin", "zh-Latn-Yale"]
["zh-Latn-Gwoyeu Romatzyh", "zh-Latn-Numeric Pinyin", "zh-Bopo"]

# zh-Latn-x-Pinyin
["zh-Latn-x-Pinyin", "zh-Latn-Numeric Pinyin", "zh-Latn-French"]
["zh-Latn-x-Pinyin", "zh-Latn-Numeric Pinyin", "zh-Latn-GuoinII"]
["zh-Latn-x-Pinyin", "zh-Latn-Numeric Pinyin", "zh-Latn-Gwoyeu Romatzyh"]
["zh-Latn-x-Pinyin", "zh-Latn-Numeric Pinyin", "zh-Latn-Tongyong"]
["zh-Latn-x-Pinyin", "zh-Latn-Numeric Pinyin", "zh-Latn-Wade-Giles"]
["zh-Latn-x-Pinyin", "zh-Latn-Numeric Pinyin", "zh-Latn-Yale"]
#["zh-Latn-x-Pinyin", "zh-Latn-Numeric Pinyin", "zh-Bopo"]

# zh-Latn-Tongyong
["zh-Latn-Tongyong", "zh-Latn-Numeric Pinyin", "zh-Latn-French"]
["zh-Latn-Tongyong", "zh-Latn-Numeric Pinyin", "zh-Latn-GuoinII"]
["zh-Latn-Tongyong", "zh-Latn-Numeric Pinyin", "zh-Latn-Gwoyeu Romatzyh"]
["zh-Latn-Tongyong", "zh-Latn-Numeric Pinyin", "zh-Latn-x-Pinyin"]
["zh-Latn-Tongyong", "zh-Latn-Numeric Pinyin", "zh-Latn-Wade-Giles"]
["zh-Latn-Tongyong", "zh-Latn-Numeric Pinyin", "zh-Latn-Yale"]
["zh-Latn-Tongyong", "zh-Latn-Numeric Pinyin", "zh-Bopo"]

# zh-Latn-Wade-Giles
["zh-Latn-Wade-Giles", "zh-Latn-Numeric Pinyin", "zh-Latn-French"]
["zh-Latn-Wade-Giles", "zh-Latn-Numeric Pinyin", "zh-Latn-GuoinII"]
["zh-Latn-Wade-Giles", "zh-Latn-Numeric Pinyin", "zh-Latn-Gwoyeu Romatzyh"]
["zh-Latn-Wade-Giles", "zh-Latn-Numeric Pinyin", "zh-Latn-x-Pinyin"]
["zh-Latn-Wade-Giles", "zh-Latn-Numeric Pinyin", "zh-Latn-Tongyong"]
["zh-Latn-Wade-Giles", "zh-Latn-Numeric Pinyin", "zh-Latn-Yale"]
["zh-Latn-Wade-Giles", "zh-Latn-Numeric Pinyin", "zh-Bopo"]

# zh-Latn-Yale
["zh-Latn-Yale", "zh-Latn-Numeric Pinyin", "zh-Latn-French"]
["zh-Latn-Yale", "zh-Latn-Numeric Pinyin", "zh-Latn-GuoinII"]
["zh-Latn-Yale", "zh-Latn-Numeric Pinyin", "zh-Latn-Gwoyeu Romatzyh"]
["zh-Latn-Yale", "zh-Latn-Numeric Pinyin", "zh-Latn-x-Pinyin"]
["zh-Latn-Yale", "zh-Latn-Numeric Pinyin", "zh-Latn-Tongyong"]
["zh-Latn-Yale", "zh-Latn-Numeric Pinyin", "zh-Latn-Wade-Giles"]
["zh-Latn-Yale", "zh-Latn-Numeric Pinyin", "zh-Bopo"]

# zh-Bopo
["zh-Bopo", "zh-Latn-Numeric Pinyin", "zh-Latn-French"]
["zh-Bopo", "zh-Latn-Numeric Pinyin", "zh-Latn-GuoinII"]
["zh-Bopo", "zh-Latn-Numeric Pinyin", "zh-Latn-Gwoyeu Romatzyh"]
#["zh-Bopo", "zh-Latn-Numeric Pinyin", "zh-Latn-x-Pinyin"]
["zh-Bopo", "zh-Latn-Numeric Pinyin", "zh-Latn-Tongyong"]
["zh-Bopo", "zh-Latn-Numeric Pinyin", "zh-Latn-Wade-Giles"]
["zh-Bopo", "zh-Latn-Numeric Pinyin", "zh-Latn-Yale"]
