# cmn:French
['cmn:French', 'cmn:PinYin', 'cmn:GuoinII']
['cmn:French', 'cmn:PinYin', 'cmn:x-GwoyeuRomatzyh']
['cmn:French', 'cmn:PinYin', 'cmn:Pinyin Accents']
['cmn:French', 'cmn:PinYin', 'cmn:Tongyong']
['cmn:French', 'cmn:PinYin', 'cmn:Wade-Giles']
['cmn:French', 'cmn:PinYin', 'cmn:Yale']
['cmn:French', 'cmn:PinYin', 'cmn:Zhuyin']

# cmn:GuoinII
['cmn:GuoinII', 'cmn:PinYin', 'cmn:French']
['cmn:GuoinII', 'cmn:PinYin', 'cmn:x-GwoyeuRomatzyh']
['cmn:GuoinII', 'cmn:PinYin', 'cmn:Pinyin Accents']
['cmn:GuoinII', 'cmn:PinYin', 'cmn:Tongyong']
['cmn:GuoinII', 'cmn:PinYin', 'cmn:Wade-Giles']
['cmn:GuoinII', 'cmn:PinYin', 'cmn:Yale']
['cmn:GuoinII', 'cmn:PinYin', 'cmn:Zhuyin']

# cmn:x-GwoyeuRomatzyh
['cmn:x-GwoyeuRomatzyh', 'cmn:PinYin', 'cmn:French']
['cmn:x-GwoyeuRomatzyh', 'cmn:PinYin', 'cmn:GuoinII']
['cmn:x-GwoyeuRomatzyh', 'cmn:PinYin', 'cmn:Pinyin Accents']
['cmn:x-GwoyeuRomatzyh', 'cmn:PinYin', 'cmn:Tongyong']
['cmn:x-GwoyeuRomatzyh', 'cmn:PinYin', 'cmn:Wade-Giles']
['cmn:x-GwoyeuRomatzyh', 'cmn:PinYin', 'cmn:Yale']
['cmn:x-GwoyeuRomatzyh', 'cmn:PinYin', 'cmn:Zhuyin']

# cmn:Pinyin Accents
['cmn:Pinyin Accents', 'cmn:PinYin', 'cmn:French']
['cmn:Pinyin Accents', 'cmn:PinYin', 'cmn:GuoinII']
['cmn:Pinyin Accents', 'cmn:PinYin', 'cmn:x-GwoyeuRomatzyh']
['cmn:Pinyin Accents', 'cmn:PinYin', 'cmn:Tongyong']
['cmn:Pinyin Accents', 'cmn:PinYin', 'cmn:Wade-Giles']
['cmn:Pinyin Accents', 'cmn:PinYin', 'cmn:Yale']
['cmn:Pinyin Accents', 'cmn:PinYin', 'cmn:Zhuyin']

# cmn:Tongyong
['cmn:Tongyong', 'cmn:PinYin', 'cmn:French']
['cmn:Tongyong', 'cmn:PinYin', 'cmn:GuoinII']
['cmn:Tongyong', 'cmn:PinYin', 'cmn:x-GwoyeuRomatzyh']
['cmn:Tongyong', 'cmn:PinYin', 'cmn:Pinyin Accents']
['cmn:Tongyong', 'cmn:PinYin', 'cmn:Wade-Giles']
['cmn:Tongyong', 'cmn:PinYin', 'cmn:Yale']
['cmn:Tongyong', 'cmn:PinYin', 'cmn:Zhuyin']

# cmn:Wade-Giles
['cmn:Wade-Giles', 'cmn:PinYin', 'cmn:French']
['cmn:Wade-Giles', 'cmn:PinYin', 'cmn:GuoinII']
['cmn:Wade-Giles', 'cmn:PinYin', 'cmn:x-GwoyeuRomatzyh']
['cmn:Wade-Giles', 'cmn:PinYin', 'cmn:Pinyin Accents']
['cmn:Wade-Giles', 'cmn:PinYin', 'cmn:Tongyong']
['cmn:Wade-Giles', 'cmn:PinYin', 'cmn:Yale']
['cmn:Wade-Giles', 'cmn:PinYin', 'cmn:Zhuyin']

# cmn:Yale
['cmn:Yale', 'cmn:PinYin', 'cmn:French']
['cmn:Yale', 'cmn:PinYin', 'cmn:GuoinII']
['cmn:Yale', 'cmn:PinYin', 'cmn:x-GwoyeuRomatzyh']
['cmn:Yale', 'cmn:PinYin', 'cmn:Pinyin Accents']
['cmn:Yale', 'cmn:PinYin', 'cmn:Tongyong']
['cmn:Yale', 'cmn:PinYin', 'cmn:Wade-Giles']
['cmn:Yale', 'cmn:PinYin', 'cmn:Zhuyin']

# cmn:Zhuyin
['cmn:Zhuyin', 'cmn:PinYin', 'cmn:French']
['cmn:Zhuyin', 'cmn:PinYin', 'cmn:GuoinII']
['cmn:Zhuyin', 'cmn:PinYin', 'cmn:x-GwoyeuRomatzyh']
['cmn:Zhuyin', 'cmn:PinYin', 'cmn:Pinyin Accents']
['cmn:Zhuyin', 'cmn:PinYin', 'cmn:Tongyong']
['cmn:Zhuyin', 'cmn:PinYin', 'cmn:Wade-Giles']
['cmn:Zhuyin', 'cmn:PinYin', 'cmn:Yale']
